

================================================================
== Vivado HLS Report for 'aes256_encrypt_ecb'
================================================================
* Date:           Fri Apr 21 17:42:02 2017

* Version:        2015.4 (Build 1412921 on Wed Nov 18 09:58:55 AM 2015)
* Project:        aes_syn_virtexu_clk45
* Solution:       solution
* Product family: virtexu
* Target device:  xcvu080-ffva2104-2-e


================================================================
== Performance Estimates
================================================================
+ Timing (ns): 
    * Summary: 
    +--------+-------+----------+------------+
    |  Clock | Target| Estimated| Uncertainty|
    +--------+-------+----------+------------+
    |ap_clk  |  45.00|      6.91|        5.62|
    +--------+-------+----------+------------+

+ Latency (clock cycles): 
    * Summary: 
    +------+------+------+------+---------+
    |   Latency   |   Interval  | Pipeline|
    |  min |  max |  min |  max |   Type  |
    +------+------+------+------+---------+
    |  2851|  4112|  2852|  4113|   none  |
    +------+------+------+------+---------+

    + Detail: 
        * Instance: 
        +------------------------------------------------+-------------------------------------+-----+-----+-----+-----+---------+
        |                                                |                                     |  Latency  |  Interval | Pipeline|
        |                    Instance                    |                Module               | min | max | min | max |   Type  |
        +------------------------------------------------+-------------------------------------+-----+-----+-----+-----+---------+
        |grp_aes256_encrypt_ecb_aes_expandEncKey_fu_465  |aes256_encrypt_ecb_aes_expandEncKey  |   96|   96|   96|   96|   none  |
        |grp_aes256_encrypt_ecb_aes_addRoundKey_fu_475   |aes256_encrypt_ecb_aes_addRoundKey   |   33|   33|   33|   33|   none  |
        +------------------------------------------------+-------------------------------------+-----+-----+-----+-----+---------+

        * Loop: 
        +----------+------+------+-----------+-----------+-----------+------+----------+
        |          |   Latency   | Iteration |  Initiation Interval  | Trip |          |
        | Loop Name|  min |  max |  Latency  |  achieved |   target  | Count| Pipelined|
        +----------+------+------+-----------+-----------+-----------+------+----------+
        |- ecb1    |    64|    64|          2|          -|          -|    32|    no    |
        |- ecb2    |   686|   686|         98|          -|          -|     7|    no    |
        |- cpkey   |    48|    48|          3|          -|          -|    16|    no    |
        |- ecb3    |  1846|  3107| 142 ~ 239 |          -|          -|    13|    no    |
        | + sub    |    48|    48|          3|          -|          -|    16|    no    |
        | + mix    |    32|    32|          8|          8|          1|     4|    yes   |
        |- sub     |    48|    48|          3|          -|          -|    16|    no    |
        +----------+------+------+-----------+-----------+-----------+------+----------+



================================================================
== Utilization Estimates
================================================================
* Summary: 
+-----------------+---------+-------+--------+--------+
|       Name      | BRAM_18K| DSP48E|   FF   |   LUT  |
+-----------------+---------+-------+--------+--------+
|DSP              |        -|      -|       -|       -|
|Expression       |        -|      -|       0|     311|
|FIFO             |        -|      -|       -|       -|
|Instance         |        1|      -|     209|     384|
|Memory           |        1|      -|       0|       0|
|Multiplexer      |        -|      -|       -|     340|
|Register         |        -|      -|     308|       -|
+-----------------+---------+-------+--------+--------+
|Total            |        2|      0|     517|    1035|
+-----------------+---------+-------+--------+--------+
|Available        |     2842|    672|  891424|  445712|
+-----------------+---------+-------+--------+--------+
|Utilization (%)  |    ~0   |      0|   ~0   |   ~0   |
+-----------------+---------+-------+--------+--------+

+ Detail: 
    * Instance: 
    +------------------------------------------------+-------------------------------------+---------+-------+-----+-----+
    |                    Instance                    |                Module               | BRAM_18K| DSP48E|  FF | LUT |
    +------------------------------------------------+-------------------------------------+---------+-------+-----+-----+
    |grp_aes256_encrypt_ecb_aes_addRoundKey_fu_475   |aes256_encrypt_ecb_aes_addRoundKey   |        0|      0|   22|   34|
    |grp_aes256_encrypt_ecb_aes_expandEncKey_fu_465  |aes256_encrypt_ecb_aes_expandEncKey  |        1|      0|  187|  350|
    +------------------------------------------------+-------------------------------------+---------+-------+-----+-----+
    |Total                                           |                                     |        1|      0|  209|  384|
    +------------------------------------------------+-------------------------------------+---------+-------+-----+-----+

    * DSP48: 
    N/A

    * Memory: 
    +--------+------------------------------------------+---------+---+----+------+-----+------+-------------+
    | Memory |                  Module                  | BRAM_18K| FF| LUT| Words| Bits| Banks| W*Bits*Banks|
    +--------+------------------------------------------+---------+---+----+------+-----+------+-------------+
    |sbox_U  |aes256_encrypt_ecb_aes_expandEncKey_sbox  |        1|  0|   0|   256|    8|     1|         2048|
    +--------+------------------------------------------+---------+---+----+------+-----+------+-------------+
    |Total   |                                          |        1|  0|   0|   256|    8|     1|         2048|
    +--------+------------------------------------------+---------+---+----+------+-----+------+-------------+

    * FIFO: 
    N/A

    * Expression: 
    +----------------------+----------+-------+---+----+------------+------------+
    |     Variable Name    | Operation| DSP48E| FF| LUT| Bitwidth P0| Bitwidth P1|
    +----------------------+----------+-------+---+----+------------+------------+
    |i_14_fu_668_p2        |     +    |      0|  0|   5|           3|           5|
    |i_5_fu_552_p2         |     +    |      0|  0|   6|           6|           1|
    |i_6_fu_575_p2         |     +    |      0|  0|   5|           5|           2|
    |i_7_fu_901_p2         |     +    |      0|  0|   5|           5|           2|
    |i_8_fu_625_p2         |     +    |      0|  0|   5|           5|           2|
    |i_9_fu_895_p2         |     +    |      0|  0|   4|           4|           1|
    |phitmp_fu_569_p2      |     +    |      0|  0|   3|           3|           2|
    |tmp_88_i_fu_604_p2    |     +    |      0|  0|   5|           5|           4|
    |tmp_4_i1_fu_789_p3    |  Select  |      0|  0|   8|           1|           8|
    |tmp_4_i2_fu_835_p3    |  Select  |      0|  0|   8|           1|           8|
    |tmp_4_i3_fu_881_p3    |  Select  |      0|  0|   8|           1|           8|
    |tmp_4_i6_fu_742_p3    |  Select  |      0|  0|   8|           1|           8|
    |exitcond1_fu_546_p2   |   icmp   |      0|  0|   3|           6|           7|
    |exitcond_fu_615_p2    |   icmp   |      0|  0|   2|           4|           3|
    |tmp_i1_12_fu_911_p2   |   icmp   |      0|  0|   2|           5|           1|
    |tmp_i4_fu_635_p2      |   icmp   |      0|  0|   2|           5|           1|
    |tmp_i_fu_585_p2       |   icmp   |      0|  0|   2|           5|           1|
    |tmp_s_fu_563_p2       |   icmp   |      0|  0|   2|           3|           1|
    |tmp_1_i_fu_684_p2     |    or    |      0|  0|   4|           4|           2|
    |tmp_3_i_fu_694_p2     |    or    |      0|  0|   4|           4|           2|
    |tmp_9_i_fu_674_p2     |    or    |      0|  0|   4|           4|           1|
    |e_fu_716_p2           |    xor   |      0|  0|  12|           8|           8|
    |tmp1_fu_750_p2        |    xor   |      0|  0|  12|           8|           8|
    |tmp2_fu_797_p2        |    xor   |      0|  0|  12|           8|           8|
    |tmp3_fu_843_p2        |    xor   |      0|  0|  12|           8|           8|
    |tmp_12_i_fu_756_p2    |    xor   |      0|  0|  12|           8|           8|
    |tmp_16_i_fu_803_p2    |    xor   |      0|  0|  12|           8|           8|
    |tmp_20_i_fu_849_p2    |    xor   |      0|  0|  12|           8|           8|
    |tmp_24_i_fu_889_p2    |    xor   |      0|  0|  12|           8|           8|
    |tmp_2_i1_fu_829_p2    |    xor   |      0|  0|  12|           8|           5|
    |tmp_2_i2_fu_875_p2    |    xor   |      0|  0|  12|           8|           5|
    |tmp_2_i5_fu_736_p2    |    xor   |      0|  0|  12|           8|           5|
    |tmp_2_i9_fu_783_p2    |    xor   |      0|  0|  12|           8|           5|
    |tmp_6_i2_fu_710_p2    |    xor   |      0|  0|  12|           8|           8|
    |tmp_86_i_fu_597_p2    |    xor   |      0|  0|  12|           8|           8|
    |x_assign_1_fu_763_p2  |    xor   |      0|  0|  12|           8|           8|
    |x_assign_2_fu_809_p2  |    xor   |      0|  0|  12|           8|           8|
    |x_assign_3_fu_855_p2  |    xor   |      0|  0|  12|           8|           8|
    |x_assign_fu_704_p2    |    xor   |      0|  0|  12|           8|           8|
    +----------------------+----------+-------+---+----+------------+------------+
    |Total                 |          |      0|  0| 311|         224|         202|
    +----------------------+----------+-------+---+----+------------+------------+

    * Multiplexer: 
    +----------------------------------------------------------+-----+-----------+-----+-----------+
    |                           Name                           | LUT | Input Size| Bits| Total Bits|
    +----------------------------------------------------------+-----+-----------+-----+-----------+
    |ap_NS_fsm                                                 |  168|         77|    1|         77|
    |buf_r_address0                                            |   32|         28|    4|        112|
    |buf_r_ce0                                                 |    1|          3|    1|          3|
    |buf_r_d0                                                  |   40|         19|    8|        152|
    |buf_r_we0                                                 |    1|          3|    1|          3|
    |ctx_deckey_address0                                       |    5|          3|    5|         15|
    |ctx_deckey_ce0                                            |    1|          3|    1|          3|
    |ctx_deckey_d0                                             |    8|          3|    8|         24|
    |ctx_deckey_we0                                            |    1|          3|    1|          3|
    |ctx_enckey_address0                                       |    5|          4|    5|         20|
    |ctx_key_address0                                          |    5|          5|    5|         25|
    |ctx_key_ce0                                               |    1|          4|    1|          4|
    |ctx_key_d0                                                |    8|          3|    8|         24|
    |ctx_key_we0                                               |    1|          3|    1|          3|
    |grp_aes256_encrypt_ecb_aes_addRoundKey_fu_475_key_offset  |    6|          3|    6|         18|
    |grp_aes256_encrypt_ecb_aes_expandEncKey_fu_465_k_q0       |    8|          3|    8|         24|
    |i_1_reg_397                                               |    3|          2|    3|          6|
    |i_2_reg_420                                               |    4|          2|    4|          8|
    |i_i1_reg_454                                              |    5|          2|    5|         10|
    |i_i2_reg_443                                              |    5|          2|    5|         10|
    |i_i3_reg_432                                              |    5|          2|    5|         10|
    |i_i_reg_408                                               |    5|          2|    5|         10|
    |i_reg_386                                                 |    6|          2|    6|         12|
    |rcon_fu_130                                               |    8|          2|    8|         16|
    |sbox_address0                                             |    8|          4|    8|         32|
    +----------------------------------------------------------+-----+-----------+-----+-----------+
    |Total                                                     |  340|        187|  113|        624|
    +----------------------------------------------------------+-----+-----------+-----+-----------+

    * Register: 
    +----------------------------------------------------------------------+----+----+-----+-----------+
    |                                 Name                                 | FF | LUT| Bits| Const Bits|
    +----------------------------------------------------------------------+----+----+-----+-----------+
    |ap_CS_fsm                                                             |  76|   0|   76|          0|
    |buf_addr_10_reg_1033                                                  |   0|   0|    4|          4|
    |buf_addr_11_reg_1038                                                  |   0|   0|    4|          4|
    |buf_addr_12_reg_978                                                   |   4|   0|    4|          0|
    |buf_addr_13_reg_1141                                                  |   4|   0|    4|          0|
    |buf_addr_14_reg_1068                                                  |   4|   0|    4|          0|
    |buf_addr_15_reg_1081                                                  |   4|   0|    4|          0|
    |buf_addr_16_reg_1098                                                  |   3|   0|    4|          1|
    |buf_addr_17_reg_1103                                                  |   3|   0|    4|          1|
    |buf_addr_18_reg_1108                                                  |   2|   0|    4|          2|
    |buf_addr_1_reg_988                                                    |   0|   0|    4|          4|
    |buf_addr_2_reg_993                                                    |   0|   0|    4|          4|
    |buf_addr_3_reg_998                                                    |   0|   0|    4|          4|
    |buf_addr_4_reg_1003                                                   |   0|   0|    4|          4|
    |buf_addr_5_reg_1008                                                   |   0|   0|    4|          4|
    |buf_addr_6_reg_1013                                                   |   0|   0|    4|          4|
    |buf_addr_7_reg_1018                                                   |   0|   0|    4|          4|
    |buf_addr_8_reg_1023                                                   |   0|   0|    4|          4|
    |buf_addr_9_reg_1028                                                   |   0|   0|    4|          4|
    |buf_addr_reg_983                                                      |   0|   0|    4|          4|
    |grp_aes256_encrypt_ecb_aes_addRoundKey_fu_475_ap_start_ap_start_reg   |   1|   0|    1|          0|
    |grp_aes256_encrypt_ecb_aes_expandEncKey_fu_465_ap_start_ap_start_reg  |   1|   0|    1|          0|
    |i_14_reg_1093                                                         |   5|   0|    5|          0|
    |i_1_reg_397                                                           |   3|   0|    3|          0|
    |i_2_reg_420                                                           |   4|   0|    4|          0|
    |i_5_reg_936                                                           |   6|   0|    6|          0|
    |i_6_reg_960                                                           |   5|   0|    5|          0|
    |i_7_reg_1133                                                          |   5|   0|    5|          0|
    |i_8_reg_1060                                                          |   5|   0|    5|          0|
    |i_i1_reg_454                                                          |   5|   0|    5|          0|
    |i_i2_reg_443                                                          |   5|   0|    5|          0|
    |i_i3_reg_432                                                          |   5|   0|    5|          0|
    |i_i_reg_408                                                           |   5|   0|    5|          0|
    |i_reg_386                                                             |   6|   0|    6|          0|
    |phitmp_reg_955                                                        |   3|   0|    3|          0|
    |rcon_fu_130                                                           |   8|   0|    8|          0|
    |reg_491                                                               |   8|   0|    8|          0|
    |reg_496                                                               |   8|   0|    8|          0|
    |reg_501                                                               |   8|   0|    8|          0|
    |reg_506                                                               |   8|   0|    8|          0|
    |reg_511                                                               |   8|   0|    8|          0|
    |reg_516                                                               |   8|   0|    8|          0|
    |reg_521                                                               |   8|   0|    8|          0|
    |reg_526                                                               |   8|   0|    8|          0|
    |reg_531                                                               |   8|   0|    8|          0|
    |reg_536                                                               |   8|   0|    8|          0|
    |reg_541                                                               |   8|   0|    8|          0|
    |tmp_16_i_reg_1113                                                     |   8|   0|    8|          0|
    |tmp_20_i_reg_1118                                                     |   8|   0|    8|          0|
    |tmp_24_i_reg_1123                                                     |   8|   0|    8|          0|
    |tmp_61_reg_1056                                                       |   1|   0|    1|          0|
    |tmp_63_reg_1086                                                       |   4|   0|    4|          0|
    |tmp_89_i_reg_1043                                                     |   5|   0|   64|         59|
    |tmp_i_6_reg_968                                                       |   8|   0|   64|         56|
    |tmp_reg_941                                                           |   6|   0|   64|         58|
    +----------------------------------------------------------------------+----+----+-----+-----------+
    |Total                                                                 | 308|   0|  533|        225|
    +----------------------------------------------------------------------+----+----+-----+-----------+



================================================================
== Interface
================================================================
* Summary: 
+---------------------+-----+-----+------------+--------------------+--------------+
|      RTL Ports      | Dir | Bits|  Protocol  |    Source Object   |    C Type    |
+---------------------+-----+-----+------------+--------------------+--------------+
|ap_clk               |  in |    1| ap_ctrl_hs | aes256_encrypt_ecb | return value |
|ap_rst               |  in |    1| ap_ctrl_hs | aes256_encrypt_ecb | return value |
|ap_start             |  in |    1| ap_ctrl_hs | aes256_encrypt_ecb | return value |
|ap_done              | out |    1| ap_ctrl_hs | aes256_encrypt_ecb | return value |
|ap_idle              | out |    1| ap_ctrl_hs | aes256_encrypt_ecb | return value |
|ap_ready             | out |    1| ap_ctrl_hs | aes256_encrypt_ecb | return value |
|ctx_key_address0     | out |    5|  ap_memory |       ctx_key      |     array    |
|ctx_key_ce0          | out |    1|  ap_memory |       ctx_key      |     array    |
|ctx_key_we0          | out |    1|  ap_memory |       ctx_key      |     array    |
|ctx_key_d0           | out |    8|  ap_memory |       ctx_key      |     array    |
|ctx_key_q0           |  in |    8|  ap_memory |       ctx_key      |     array    |
|ctx_enckey_address0  | out |    5|  ap_memory |     ctx_enckey     |     array    |
|ctx_enckey_ce0       | out |    1|  ap_memory |     ctx_enckey     |     array    |
|ctx_enckey_we0       | out |    1|  ap_memory |     ctx_enckey     |     array    |
|ctx_enckey_d0        | out |    8|  ap_memory |     ctx_enckey     |     array    |
|ctx_enckey_q0        |  in |    8|  ap_memory |     ctx_enckey     |     array    |
|ctx_deckey_address0  | out |    5|  ap_memory |     ctx_deckey     |     array    |
|ctx_deckey_ce0       | out |    1|  ap_memory |     ctx_deckey     |     array    |
|ctx_deckey_we0       | out |    1|  ap_memory |     ctx_deckey     |     array    |
|ctx_deckey_d0        | out |    8|  ap_memory |     ctx_deckey     |     array    |
|ctx_deckey_q0        |  in |    8|  ap_memory |     ctx_deckey     |     array    |
|k_address0           | out |    5|  ap_memory |          k         |     array    |
|k_ce0                | out |    1|  ap_memory |          k         |     array    |
|k_q0                 |  in |    8|  ap_memory |          k         |     array    |
|buf_r_address0       | out |    4|  ap_memory |        buf_r       |     array    |
|buf_r_ce0            | out |    1|  ap_memory |        buf_r       |     array    |
|buf_r_we0            | out |    1|  ap_memory |        buf_r       |     array    |
|buf_r_d0             | out |    8|  ap_memory |        buf_r       |     array    |
|buf_r_q0             |  in |    8|  ap_memory |        buf_r       |     array    |
+---------------------+-----+-----+------------+--------------------+--------------+

